      8.1 Clusters: 0 suggestions (0.0s)
      8.2 Entités: 32 suggestions (11.8s)
Loaded 1 specialized terms
   📦 Cache clusters: 3/3 réutilisés, 0 recalculés
      8.3 Émergents: 6 suggestions (0.1s)
Loaded 1 specialized terms
   📦 Cache: 219/219 réutilisées, 0 à recalculer
   📊 Extraction vocabulaire: 219/219 notes ont déjà leurs données
      8.4 Spécialisés: 1 suggestions (0.1s)
